[][][][][][][][][][][][][] ROUND1 [][][][][][][][][][][][][]
Squirtle has these items[(Scut),(Vesta),(Pelerina)]
+10 hp; +0 specialAttack; +2 defense; +5 specialDefense
Meowth has these items[]
+0 hp; +0 normalAttack; +0 defense; +0 specialDefense
----------------------Step1----------------------
Squirtle specialAttack / Meowth ability2 / 
Meowth dodge is active this round
	Squirtle HP 69 (70 - 1), 
	Meowth HP 41 (41 - 0), abilitate 2 cooldown 3 
----------------------Step2----------------------
Squirtle specialAttack / Meowth normalAttack / 
	Squirtle HP 69 (69 - 0), 
	Meowth HP 40 (41 - 1), abilitate 2 cooldown 2 
----------------------Step3----------------------
Squirtle ability2 / Meowth ability1 / 
Meowth dodge is active this round
	Squirtle HP 64 (69 - 5), abilitate 2 cooldown 2 
	Meowth HP 40 (40 - 0), abilitate 1 cooldown 4 abilitate 2 cooldown 1 
----------------------Step4----------------------
Squirtle ability1 / Meowth normalAttack / 
	Squirtle HP 64 (64 - 0), abilitate 1 cooldown 3 abilitate 2 cooldown 1 
	Meowth HP 36 (40 - 4), abilitate 1 cooldown 3 
----------------------Step5----------------------
Squirtle specialAttack / Meowth ability2 / 
Meowth dodge is active this round
	Squirtle HP 63 (64 - 1), abilitate 1 cooldown 2 
	Meowth HP 36 (36 - 0), abilitate 1 cooldown 2 abilitate 2 cooldown 3 
----------------------Step6----------------------
Squirtle specialAttack / Meowth normalAttack / 
	Squirtle HP 63 (63 - 0), abilitate 1 cooldown 1 
	Meowth HP 35 (36 - 1), abilitate 1 cooldown 1 abilitate 2 cooldown 2 
----------------------Step7----------------------
Squirtle specialAttack / Meowth normalAttack / 
	Squirtle HP 63 (63 - 0), 
	Meowth HP 34 (35 - 1), abilitate 2 cooldown 1 
----------------------Step8----------------------
Squirtle ability1 / Meowth normalAttack / 
	Squirtle HP 63 (63 - 0), abilitate 1 cooldown 3 
	Meowth HP 30 (34 - 4), 
----------------------Step9----------------------
Squirtle specialAttack / Meowth ability2 / 
Meowth dodge is active this round
	Squirtle HP 62 (63 - 1), abilitate 1 cooldown 2 
	Meowth HP 30 (30 - 0), abilitate 2 cooldown 3 
----------------------Step10----------------------
Squirtle specialAttack / Meowth ability1 / 
Meowth dodge is active this round
	Squirtle HP 57 (62 - 5), abilitate 1 cooldown 1 
	Meowth HP 30 (30 - 0), abilitate 1 cooldown 4 abilitate 2 cooldown 2 
----------------------Step11----------------------
Squirtle specialAttack / Meowth normalAttack / 
	Squirtle HP 57 (57 - 0), 
	Meowth HP 29 (30 - 1), abilitate 1 cooldown 3 abilitate 2 cooldown 1 
----------------------Step12----------------------
Squirtle specialAttack / Meowth normalAttack / 
	Squirtle HP 57 (57 - 0), 
	Meowth HP 28 (29 - 1), abilitate 1 cooldown 2 
----------------------Step13----------------------
Squirtle ability1 / Meowth normalAttack / 
	Squirtle HP 57 (57 - 0), abilitate 1 cooldown 3 
	Meowth HP 24 (28 - 4), abilitate 1 cooldown 1 
----------------------Step14----------------------
Squirtle specialAttack / Meowth normalAttack / 
	Squirtle HP 57 (57 - 0), abilitate 1 cooldown 2 
	Meowth HP 23 (24 - 1), 
----------------------Step15----------------------
Squirtle specialAttack / Meowth ability2 / 
Meowth dodge is active this round
	Squirtle HP 56 (57 - 1), abilitate 1 cooldown 1 
	Meowth HP 23 (23 - 0), abilitate 2 cooldown 3 
----------------------Step16----------------------
Squirtle ability2 / Meowth ability1 / 
Meowth dodge is active this round
	Squirtle HP 51 (56 - 5), abilitate 2 cooldown 2 
	Meowth HP 23 (23 - 0), abilitate 1 cooldown 4 abilitate 2 cooldown 2 
----------------------Step17----------------------
Squirtle ability1 / Meowth normalAttack / 
	Squirtle HP 51 (51 - 0), abilitate 1 cooldown 3 abilitate 2 cooldown 1 
	Meowth HP 19 (23 - 4), abilitate 1 cooldown 3 abilitate 2 cooldown 1 
----------------------Step18----------------------
Squirtle specialAttack / Meowth normalAttack / 
	Squirtle HP 51 (51 - 0), abilitate 1 cooldown 2 
	Meowth HP 18 (19 - 1), abilitate 1 cooldown 2 
----------------------Step19----------------------
Squirtle specialAttack / Meowth ability2 / 
Meowth dodge is active this round
	Squirtle HP 50 (51 - 1), abilitate 1 cooldown 1 
	Meowth HP 18 (18 - 0), abilitate 1 cooldown 1 abilitate 2 cooldown 3 
----------------------Step20----------------------
Squirtle ability2 / Meowth normalAttack / 
	Squirtle HP 50 (50 - 0), abilitate 2 cooldown 2 
	Meowth HP 16 (18 - 2), abilitate 2 cooldown 2 
----------------------Step21----------------------
Squirtle specialAttack / Meowth normalAttack / 
Meowth is stunned this round
	Squirtle HP 50 (50 - 0), abilitate 2 cooldown 1 
	Meowth HP 15 (16 - 1), abilitate 2 cooldown 1 
----------------------Step22----------------------
Squirtle specialAttack / Meowth normalAttack / 
	Squirtle HP 50 (50 - 0), 
	Meowth HP 14 (15 - 1), 
----------------------Step23----------------------
Squirtle ability2 / Meowth normalAttack / 
	Squirtle HP 50 (50 - 0), abilitate 2 cooldown 2 
	Meowth HP 12 (14 - 2), 
----------------------Step24----------------------
Squirtle specialAttack / Meowth normalAttack / 
Meowth is stunned this round
	Squirtle HP 50 (50 - 0), abilitate 2 cooldown 1 
	Meowth HP 11 (12 - 1), 
----------------------Step25----------------------
Squirtle specialAttack / Meowth normalAttack / 
	Squirtle HP 50 (50 - 0), 
	Meowth HP 10 (11 - 1), 
----------------------Step26----------------------
Squirtle ability1 / Meowth normalAttack / 
	Squirtle HP 50 (50 - 0), abilitate 1 cooldown 3 
	Meowth HP 6 (10 - 4), 
----------------------Step27----------------------
Squirtle specialAttack / Meowth ability1 / 
Meowth dodge is active this round
	Squirtle HP 45 (50 - 5), abilitate 1 cooldown 2 
	Meowth HP 6 (6 - 0), abilitate 1 cooldown 4 
----------------------Step28----------------------
Squirtle specialAttack / Meowth normalAttack / 
	Squirtle HP 45 (45 - 0), abilitate 1 cooldown 1 
	Meowth HP 5 (6 - 1), abilitate 1 cooldown 3 
----------------------Step29----------------------
Squirtle ability2 / Meowth normalAttack / 
	Squirtle HP 45 (45 - 0), abilitate 2 cooldown 2 
	Meowth HP 3 (5 - 2), abilitate 1 cooldown 2 
----------------------Step30----------------------
Squirtle ability1 / Meowth normalAttack / 
Meowth is stunned this round
	Squirtle HP 45 (45 - 0), abilitate 2 cooldown 1 
	Meowth HP -1 (3 - 4), abilitate 1 cooldown 1 
Electronic Wins
[][][][][][][][][][][][][] ROUND2 [][][][][][][][][][][][][]
Vulpix has these items[(Sabiuta),(Brad_De_Craciun)]
+0 hp; +6 normalAttack; +1 defense; +0 specialDefense
Pikachu has these items[(Sabiuta),(Pelerina)]
+0 hp; +0 specialAttack; +0 defense; +3 specialDefense
----------------------Step1----------------------
Vulpix ability2 / Pikachu ability2 / 
Pikachu dodge is active this round
Vulpix dodge is active this round
	Vulpix HP 36 (36 - 0), abilitate 2 cooldown 7 
	Pikachu HP 35 (35 - 0), abilitate 2 cooldown 5 
----------------------Step2----------------------
Vulpix ability1 / Pikachu ability1 / 
	Vulpix HP 30 (36 - 6), abilitate 1 cooldown 6 abilitate 2 cooldown 6 
	Pikachu HP 27 (35 - 8), abilitate 1 cooldown 4 abilitate 2 cooldown 4 
----------------------Step3----------------------
Vulpix normalAttack / Pikachu specialAttack / 
Pikachu is stunned this round
	Vulpix HP 30 (30 - 0), abilitate 1 cooldown 5 abilitate 2 cooldown 5 
	Pikachu HP 18 (27 - 9), abilitate 1 cooldown 3 abilitate 2 cooldown 3 
----------------------Step4----------------------
Vulpix normalAttack / Pikachu specialAttack / 
	Vulpix HP 30 (30 - 0), abilitate 1 cooldown 4 abilitate 2 cooldown 4 
	Pikachu HP 9 (18 - 9), abilitate 1 cooldown 2 abilitate 2 cooldown 2 
----------------------Step5----------------------
Vulpix normalAttack / Pikachu specialAttack / 
	Vulpix HP 30 (30 - 0), abilitate 1 cooldown 3 abilitate 2 cooldown 3 
	Pikachu HP 0 (9 - 9), abilitate 1 cooldown 1 abilitate 2 cooldown 1 
Electronic Wins
[][][][][][][][][][][][][] ROUND3 [][][][][][][][][][][][][]
Pikachu has these items[(Vesta)]
+10 hp; +0 specialAttack; +0 defense; +0 specialDefense
Eevee has these items[(Bagheta_Magica)]
+0 hp; +3 specialAttack; +0 defense; +0 specialDefense
----------------------Step1----------------------
Pikachu ability2 / Eevee ability2 / 
Pikachu dodge is active this round
	Pikachu HP 45 (45 - 0), abilitate 2 cooldown 5 
	Eevee HP 35 (39 - 4), abilitate 2 cooldown 3 
----------------------Step2----------------------
Pikachu ability1 / Eevee specialAttack / 
Eevee is stunned this round
	Pikachu HP 45 (45 - 0), abilitate 2 cooldown 4 
	Eevee HP 29 (35 - 6), abilitate 2 cooldown 2 
----------------------Step3----------------------
Pikachu ability1 / Eevee ability1 / 
	Pikachu HP 40 (45 - 5), abilitate 1 cooldown 4 abilitate 2 cooldown 3 
	Eevee HP 23 (29 - 6), abilitate 1 cooldown 3 abilitate 2 cooldown 1 
----------------------Step4----------------------
Pikachu specialAttack / Eevee specialAttack / 
	Pikachu HP 36 (40 - 4), abilitate 1 cooldown 3 abilitate 2 cooldown 2 
	Eevee HP 22 (23 - 1), abilitate 1 cooldown 2 
----------------------Step5----------------------
Pikachu specialAttack / Eevee specialAttack / 
	Pikachu HP 32 (36 - 4), abilitate 1 cooldown 2 abilitate 2 cooldown 1 
	Eevee HP 21 (22 - 1), abilitate 1 cooldown 1 
----------------------Step6----------------------
Pikachu specialAttack / Eevee ability2 / 
	Pikachu HP 29 (32 - 3), abilitate 1 cooldown 1 
	Eevee HP 20 (21 - 1), abilitate 2 cooldown 3 
----------------------Step7----------------------
Pikachu specialAttack / Eevee specialAttack / 
Pikachu is stunned this round
	Pikachu HP 25 (29 - 4), 
	Eevee HP 20 (20 - 0), abilitate 2 cooldown 2 
----------------------Step8----------------------
Pikachu ability1 / Eevee specialAttack / 
	Pikachu HP 21 (25 - 4), abilitate 1 cooldown 4 
	Eevee HP 14 (20 - 6), abilitate 2 cooldown 1 
----------------------Step9----------------------
Pikachu ability2 / Eevee specialAttack / 
Pikachu dodge is active this round
	Pikachu HP 21 (21 - 0), abilitate 1 cooldown 3 abilitate 2 cooldown 5 
	Eevee HP 10 (14 - 4), 
----------------------Step10----------------------
Pikachu specialAttack / Eevee specialAttack / 
Eevee is stunned this round
	Pikachu HP 21 (21 - 0), abilitate 1 cooldown 2 abilitate 2 cooldown 4 
	Eevee HP 9 (10 - 1), 
----------------------Step11----------------------
Pikachu specialAttack / Eevee ability1 / 
	Pikachu HP 16 (21 - 5), abilitate 1 cooldown 1 abilitate 2 cooldown 3 
	Eevee HP 8 (9 - 1), abilitate 1 cooldown 3 
----------------------Step12----------------------
Pikachu specialAttack / Eevee ability2 / 
	Pikachu HP 13 (16 - 3), abilitate 2 cooldown 2 
	Eevee HP 7 (8 - 1), abilitate 1 cooldown 2 abilitate 2 cooldown 3 
----------------------Step13----------------------
Pikachu specialAttack / Eevee specialAttack / 
Pikachu is stunned this round
	Pikachu HP 9 (13 - 4), abilitate 2 cooldown 1 
	Eevee HP 7 (7 - 0), abilitate 1 cooldown 1 abilitate 2 cooldown 2 
----------------------Step14----------------------
Pikachu specialAttack / Eevee specialAttack / 
	Pikachu HP 5 (9 - 4), 
	Eevee HP 6 (7 - 1), abilitate 2 cooldown 1 
----------------------Step15----------------------
Pikachu ability2 / Eevee ability1 / 
Pikachu dodge is active this round
	Pikachu HP 5 (5 - 0), abilitate 2 cooldown 5 
	Eevee HP 2 (6 - 4), abilitate 1 cooldown 3 
----------------------Step16----------------------
Pikachu specialAttack / Eevee specialAttack / 
Eevee is stunned this round
	Pikachu HP 5 (5 - 0), abilitate 2 cooldown 4 
	Eevee HP 1 (2 - 1), abilitate 1 cooldown 2 
----------------------Step17----------------------
Pikachu specialAttack / Eevee ability2 / 
	Pikachu HP 2 (5 - 3), abilitate 2 cooldown 3 
	Eevee HP 0 (1 - 1), abilitate 1 cooldown 1 abilitate 2 cooldown 3 
Electronic Wins
[][][][][][][][][][][][][] FINAL ROUND [][][][][][][][][][][][][]
Squirtle has these items[(Scut),(Vesta),(Pelerina)]
+10 hp; +0 specialAttack; +2 defense; +5 specialDefense
Eevee has these items[(Bagheta_Magica)]
+0 hp; +3 specialAttack; +0 defense; +0 specialDefense
----------------------Step1----------------------
Squirtle specialAttack / Eevee ability1 / 
	Squirtle HP 65 (70 - 5), 
	Eevee HP 39 (39 - 0), abilitate 1 cooldown 3 
----------------------Step2----------------------
Squirtle specialAttack / Eevee ability2 / 
	Squirtle HP 62 (65 - 3), 
	Eevee HP 39 (39 - 0), abilitate 1 cooldown 2 abilitate 2 cooldown 3 
----------------------Step3----------------------
Squirtle specialAttack / Eevee specialAttack / 
Squirtle is stunned this round
	Squirtle HP 62 (62 - 0), 
	Eevee HP 39 (39 - 0), abilitate 1 cooldown 1 abilitate 2 cooldown 2 
----------------------Step4----------------------
Squirtle specialAttack / Eevee specialAttack / 
	Squirtle HP 62 (62 - 0), 
	Eevee HP 39 (39 - 0), abilitate 2 cooldown 1 
----------------------Step5----------------------
Squirtle ability2 / Eevee specialAttack / 
	Squirtle HP 62 (62 - 0), abilitate 2 cooldown 2 
	Eevee HP 37 (39 - 2), 
----------------------Step6----------------------
Squirtle specialAttack / Eevee specialAttack / 
Eevee is stunned this round
	Squirtle HP 62 (62 - 0), abilitate 2 cooldown 1 
	Eevee HP 37 (37 - 0), 
----------------------Step7----------------------
Squirtle ability1 / Eevee ability1 / 
	Squirtle HP 57 (62 - 5), abilitate 1 cooldown 3 
	Eevee HP 33 (37 - 4), abilitate 1 cooldown 3 
----------------------Step8----------------------
Squirtle specialAttack / Eevee ability2 / 
	Squirtle HP 54 (57 - 3), abilitate 1 cooldown 2 
	Eevee HP 33 (33 - 0), abilitate 1 cooldown 2 abilitate 2 cooldown 3 
----------------------Step9----------------------
Squirtle specialAttack / Eevee specialAttack / 
Squirtle is stunned this round
	Squirtle HP 54 (54 - 0), abilitate 1 cooldown 1 
	Eevee HP 33 (33 - 0), abilitate 1 cooldown 1 abilitate 2 cooldown 2 
----------------------Step10----------------------
Squirtle specialAttack / Eevee specialAttack / 
	Squirtle HP 54 (54 - 0), 
	Eevee HP 33 (33 - 0), abilitate 2 cooldown 1 
----------------------Step11----------------------
Squirtle specialAttack / Eevee specialAttack / 
	Squirtle HP 54 (54 - 0), 
	Eevee HP 33 (33 - 0), 
----------------------Step12----------------------
Squirtle specialAttack / Eevee specialAttack / 
	Squirtle HP 54 (54 - 0), 
	Eevee HP 33 (33 - 0), 
----------------------Step13----------------------
Squirtle ability1 / Eevee ability2 / 
	Squirtle HP 51 (54 - 3), abilitate 1 cooldown 3 
	Eevee HP 29 (33 - 4), abilitate 2 cooldown 3 
----------------------Step14----------------------
Squirtle specialAttack / Eevee ability1 / 
Squirtle is stunned this round
	Squirtle HP 46 (51 - 5), abilitate 1 cooldown 2 
	Eevee HP 29 (29 - 0), abilitate 2 cooldown 2 
----------------------Step15----------------------
Squirtle specialAttack / Eevee specialAttack / 
	Squirtle HP 46 (46 - 0), abilitate 1 cooldown 1 
	Eevee HP 29 (29 - 0), abilitate 2 cooldown 1 
----------------------Step16----------------------
Squirtle ability2 / Eevee ability1 / 
	Squirtle HP 41 (46 - 5), abilitate 2 cooldown 2 
	Eevee HP 27 (29 - 2), abilitate 1 cooldown 3 
----------------------Step17----------------------
Squirtle specialAttack / Eevee specialAttack / 
Eevee is stunned this round
	Squirtle HP 41 (41 - 0), abilitate 2 cooldown 1 
	Eevee HP 27 (27 - 0), abilitate 1 cooldown 2 
----------------------Step18----------------------
Squirtle ability1 / Eevee ability2 / 
	Squirtle HP 38 (41 - 3), abilitate 1 cooldown 3 
	Eevee HP 23 (27 - 4), abilitate 1 cooldown 1 abilitate 2 cooldown 3 
----------------------Step19----------------------
Squirtle specialAttack / Eevee specialAttack / 
Squirtle is stunned this round
	Squirtle HP 38 (38 - 0), abilitate 1 cooldown 2 
	Eevee HP 23 (23 - 0), abilitate 2 cooldown 2 
----------------------Step20----------------------
Squirtle ability2 / Eevee specialAttack / 
	Squirtle HP 38 (38 - 0), abilitate 1 cooldown 1 abilitate 2 cooldown 2 
	Eevee HP 21 (23 - 2), abilitate 2 cooldown 1 
----------------------Step21----------------------
Squirtle specialAttack / Eevee specialAttack / 
Eevee is stunned this round
	Squirtle HP 38 (38 - 0), abilitate 2 cooldown 1 
	Eevee HP 21 (21 - 0), 
----------------------Step22----------------------
Squirtle ability1 / Eevee ability1 / 
	Squirtle HP 33 (38 - 5), abilitate 1 cooldown 3 
	Eevee HP 17 (21 - 4), abilitate 1 cooldown 3 
----------------------Step23----------------------
Squirtle ability2 / Eevee ability2 / 
	Squirtle HP 30 (33 - 3), abilitate 1 cooldown 2 abilitate 2 cooldown 2 
	Eevee HP 15 (17 - 2), abilitate 1 cooldown 2 abilitate 2 cooldown 3 
----------------------Step24----------------------
Squirtle specialAttack / Eevee specialAttack / 
Eevee is stunned this round
Squirtle is stunned this round
	Squirtle HP 30 (30 - 0), abilitate 1 cooldown 1 abilitate 2 cooldown 1 
	Eevee HP 15 (15 - 0), abilitate 1 cooldown 1 abilitate 2 cooldown 2 
----------------------Step25----------------------
Squirtle specialAttack / Eevee specialAttack / 
	Squirtle HP 30 (30 - 0), 
	Eevee HP 15 (15 - 0), abilitate 2 cooldown 1 
----------------------Step26----------------------
Squirtle specialAttack / Eevee specialAttack / 
	Squirtle HP 30 (30 - 0), 
	Eevee HP 15 (15 - 0), 
----------------------Step27----------------------
Squirtle ability2 / Eevee ability1 / 
	Squirtle HP 25 (30 - 5), abilitate 2 cooldown 2 
	Eevee HP 13 (15 - 2), abilitate 1 cooldown 3 
----------------------Step28----------------------
Squirtle specialAttack / Eevee specialAttack / 
Eevee is stunned this round
	Squirtle HP 25 (25 - 0), abilitate 2 cooldown 1 
	Eevee HP 13 (13 - 0), abilitate 1 cooldown 2 
----------------------Step29----------------------
Squirtle ability1 / Eevee ability2 / 
	Squirtle HP 22 (25 - 3), abilitate 1 cooldown 3 
	Eevee HP 9 (13 - 4), abilitate 1 cooldown 1 abilitate 2 cooldown 3 
----------------------Step30----------------------
Squirtle specialAttack / Eevee specialAttack / 
Squirtle is stunned this round
	Squirtle HP 22 (22 - 0), abilitate 1 cooldown 2 
	Eevee HP 9 (9 - 0), abilitate 2 cooldown 2 
----------------------Step31----------------------
Squirtle specialAttack / Eevee ability1 / 
	Squirtle HP 17 (22 - 5), abilitate 1 cooldown 1 
	Eevee HP 9 (9 - 0), abilitate 1 cooldown 3 abilitate 2 cooldown 1 
----------------------Step32----------------------
Squirtle ability2 / Eevee specialAttack / 
	Squirtle HP 17 (17 - 0), abilitate 2 cooldown 2 
	Eevee HP 7 (9 - 2), abilitate 1 cooldown 2 
----------------------Step33----------------------
Squirtle ability1 / Eevee specialAttack / 
Eevee is stunned this round
	Squirtle HP 17 (17 - 0), abilitate 2 cooldown 1 
	Eevee HP 3 (7 - 4), abilitate 1 cooldown 1 
----------------------Step34----------------------
Squirtle ability1 / Eevee ability2 / 
	Squirtle HP 14 (17 - 3), abilitate 1 cooldown 3 
	Eevee HP -1 (3 - 4), abilitate 2 cooldown 3 
Electronic Wins
The battle was won by Electronic

