----------------------Step1----------------------
Psyduck ability1 / Neutrel1 normalAttack / 
	Psyduck HP 43 (43 - 0), abilitate 1 cooldown 4 
	Neutrel1 HP 8 (10 - 2), 
----------------------Step2----------------------
Psyduck ability2 / Neutrel1 ability1 / 
	Psyduck HP 43 (43 - 0), abilitate 1 cooldown 3 abilitate 2 cooldown 5 
	Neutrel1 HP 6 (8 - 2), 
----------------------Step3----------------------
Psyduck normalAttack / Neutrel1 normalAttack / 
Neutrel1 is stunned this round
	Psyduck HP 43 (43 - 0), abilitate 1 cooldown 2 abilitate 2 cooldown 4 
	Neutrel1 HP 4 (6 - 2), 
----------------------Step4----------------------
Psyduck normalAttack / Neutrel1 ability1 / 
	Psyduck HP 43 (43 - 0), abilitate 1 cooldown 1 abilitate 2 cooldown 3 
	Neutrel1 HP 2 (4 - 2), 
----------------------Step5----------------------
Psyduck normalAttack / Neutrel1 normalAttack / 
	Psyduck HP 43 (43 - 0), abilitate 2 cooldown 2 
	Neutrel1 HP 0 (2 - 2), 
Player1 Wins
----------------------Step1----------------------
Eevee specialAttack / Neutrel1 ability1 / 
	Eevee HP 39 (39 - 0), 
	Neutrel1 HP 7 (10 - 3), 
----------------------Step2----------------------
Eevee specialAttack / Neutrel1 ability2 / 
	Eevee HP 39 (39 - 0), 
	Neutrel1 HP 4 (7 - 3), 
----------------------Step3----------------------
Eevee ability1 / Neutrel1 ability2 / 
	Eevee HP 39 (39 - 0), abilitate 1 cooldown 3 
	Neutrel1 HP -1 (4 - 5), 
Player2 Wins
----------------------Step1----------------------
Bulbasaur ability1 / Neutrel1 normalAttack / 
	Bulbasaur HP 42 (42 - 0), abilitate 1 cooldown 4 
	Neutrel1 HP 4 (10 - 6), 
----------------------Step2----------------------
Bulbasaur ability2 / Neutrel1 ability2 / 
	Bulbasaur HP 42 (42 - 0), abilitate 1 cooldown 3 abilitate 2 cooldown 3 
	Neutrel1 HP -1 (4 - 5), 
Player1 Wins
----------------------Step1----------------------
Bulbasaur specialAttack / Neutrel1 normalAttack / 
	Bulbasaur HP 42 (42 - 0), 
	Neutrel1 HP 6 (10 - 4), 
----------------------Step2----------------------
Bulbasaur ability1 / Neutrel1 ability2 / 
	Bulbasaur HP 42 (42 - 0), abilitate 1 cooldown 4 
	Neutrel1 HP 0 (6 - 6), 
Player2 Wins
----------------------Step1----------------------
Eevee specialAttack / Neutrel1 ability1 / 
	Eevee HP 39 (39 - 0), 
	Neutrel1 HP 7 (10 - 3), 
----------------------Step2----------------------
Eevee ability2 / Neutrel1 normalAttack / 
	Eevee HP 39 (39 - 0), abilitate 2 cooldown 3 
	Neutrel1 HP 4 (7 - 3), 
----------------------Step3----------------------
Eevee specialAttack / Neutrel1 normalAttack / 
Neutrel1 is stunned this round
	Eevee HP 39 (39 - 0), abilitate 2 cooldown 2 
	Neutrel1 HP 1 (4 - 3), 
----------------------Step4----------------------
Eevee ability1 / Neutrel1 ability2 / 
	Eevee HP 39 (39 - 0), abilitate 1 cooldown 3 abilitate 2 cooldown 1 
	Neutrel1 HP -4 (1 - 5), 
Player1 Wins
----------------------Step1----------------------
Psyduck ability2 / Neutrel1 normalAttack / 
	Psyduck HP 43 (43 - 0), abilitate 2 cooldown 5 
	Neutrel1 HP 8 (10 - 2), 
----------------------Step2----------------------
Psyduck ability1 / Neutrel1 normalAttack / 
Neutrel1 is stunned this round
	Psyduck HP 43 (43 - 0), abilitate 2 cooldown 4 
	Neutrel1 HP 6 (8 - 2), 
----------------------Step3----------------------
Psyduck ability1 / Neutrel1 ability1 / 
	Psyduck HP 43 (43 - 0), abilitate 1 cooldown 4 abilitate 2 cooldown 3 
	Neutrel1 HP 4 (6 - 2), 
----------------------Step4----------------------
Psyduck normalAttack / Neutrel1 ability2 / 
	Psyduck HP 43 (43 - 0), abilitate 1 cooldown 3 abilitate 2 cooldown 2 
	Neutrel1 HP 2 (4 - 2), 
----------------------Step5----------------------
Psyduck normalAttack / Neutrel1 ability2 / 
	Psyduck HP 43 (43 - 0), abilitate 1 cooldown 2 abilitate 2 cooldown 1 
	Neutrel1 HP 0 (2 - 2), 
Player2 Wins
----------------------Step1----------------------
Psyduck ability1 / Neutrel1 normalAttack / 
	Psyduck HP 43 (43 - 0), abilitate 1 cooldown 4 
	Neutrel1 HP 8 (10 - 2), 
----------------------Step2----------------------
Psyduck ability2 / Neutrel1 ability2 / 
	Psyduck HP 43 (43 - 0), abilitate 1 cooldown 3 abilitate 2 cooldown 5 
	Neutrel1 HP 6 (8 - 2), 
----------------------Step3----------------------
Psyduck normalAttack / Neutrel1 normalAttack / 
Neutrel1 is stunned this round
	Psyduck HP 43 (43 - 0), abilitate 1 cooldown 2 abilitate 2 cooldown 4 
	Neutrel1 HP 4 (6 - 2), 
----------------------Step4----------------------
Psyduck normalAttack / Neutrel1 ability1 / 
	Psyduck HP 43 (43 - 0), abilitate 1 cooldown 1 abilitate 2 cooldown 3 
	Neutrel1 HP 2 (4 - 2), 
----------------------Step5----------------------
Psyduck normalAttack / Neutrel1 normalAttack / 
	Psyduck HP 43 (43 - 0), abilitate 2 cooldown 2 
	Neutrel1 HP 0 (2 - 2), 
Player1 Wins
----------------------Step1----------------------
Eevee ability1 / Neutrel1 ability2 / 
	Eevee HP 39 (39 - 0), abilitate 1 cooldown 3 
	Neutrel1 HP 5 (10 - 5), 
----------------------Step2----------------------
Eevee ability2 / Neutrel1 ability2 / 
	Eevee HP 39 (39 - 0), abilitate 1 cooldown 2 abilitate 2 cooldown 3 
	Neutrel1 HP 2 (5 - 3), 
----------------------Step3----------------------
Eevee specialAttack / Neutrel1 normalAttack / 
Neutrel1 is stunned this round
	Eevee HP 39 (39 - 0), abilitate 1 cooldown 1 abilitate 2 cooldown 2 
	Neutrel1 HP -1 (2 - 3), 
Player2 Wins
[][][][][][][][][][][][][] ROUND1 [][][][][][][][][][][][][]
Psyduck has these items[]
+0 hp; +0 normalAttack; +0 defense; +0 specialDefense
Eevee has these items[]
+0 hp; +0 specialAttack; +0 defense; +0 specialDefense
----------------------Step1----------------------
Psyduck normalAttack / Eevee specialAttack / 
	Psyduck HP 42 (43 - 1), 
	Eevee HP 39 (39 - 0), 
----------------------Step2----------------------
Psyduck ability1 / Eevee specialAttack / 
	Psyduck HP 41 (42 - 1), abilitate 1 cooldown 4 
	Eevee HP 37 (39 - 2), 
----------------------Step3----------------------
Psyduck normalAttack / Eevee ability2 / 
	Psyduck HP 38 (41 - 3), abilitate 1 cooldown 3 
	Eevee HP 37 (37 - 0), abilitate 2 cooldown 3 
----------------------Step4----------------------
Psyduck normalAttack / Eevee ability1 / 
Psyduck is stunned this round
	Psyduck HP 33 (38 - 5), abilitate 1 cooldown 2 
	Eevee HP 37 (37 - 0), abilitate 2 cooldown 2 
----------------------Step5----------------------
Psyduck ability2 / Eevee specialAttack / 
	Psyduck HP 32 (33 - 1), abilitate 1 cooldown 1 abilitate 2 cooldown 5 
	Eevee HP 35 (37 - 2), abilitate 2 cooldown 1 
----------------------Step6----------------------
Psyduck normalAttack / Eevee specialAttack / 
Eevee is stunned this round
	Psyduck HP 32 (32 - 0), abilitate 2 cooldown 4 
	Eevee HP 35 (35 - 0), 
----------------------Step7----------------------
Psyduck ability1 / Eevee specialAttack / 
	Psyduck HP 31 (32 - 1), abilitate 1 cooldown 4 abilitate 2 cooldown 3 
	Eevee HP 33 (35 - 2), 
----------------------Step8----------------------
Psyduck normalAttack / Eevee ability1 / 
	Psyduck HP 26 (31 - 5), abilitate 1 cooldown 3 abilitate 2 cooldown 2 
	Eevee HP 33 (33 - 0), abilitate 1 cooldown 3 
----------------------Step9----------------------
Psyduck normalAttack / Eevee ability2 / 
	Psyduck HP 23 (26 - 3), abilitate 1 cooldown 2 abilitate 2 cooldown 1 
	Eevee HP 33 (33 - 0), abilitate 1 cooldown 2 abilitate 2 cooldown 3 
----------------------Step10----------------------
Psyduck normalAttack / Eevee specialAttack / 
Psyduck is stunned this round
	Psyduck HP 22 (23 - 1), abilitate 1 cooldown 1 
	Eevee HP 33 (33 - 0), abilitate 1 cooldown 1 abilitate 2 cooldown 2 
----------------------Step11----------------------
Psyduck ability2 / Eevee specialAttack / 
	Psyduck HP 21 (22 - 1), abilitate 2 cooldown 5 
	Eevee HP 31 (33 - 2), abilitate 2 cooldown 1 
----------------------Step12----------------------
Psyduck ability1 / Eevee specialAttack / 
Eevee is stunned this round
	Psyduck HP 21 (21 - 0), abilitate 2 cooldown 4 
	Eevee HP 29 (31 - 2), 
----------------------Step13----------------------
Psyduck normalAttack / Eevee ability2 / 
	Psyduck HP 18 (21 - 3), abilitate 2 cooldown 3 
	Eevee HP 29 (29 - 0), abilitate 2 cooldown 3 
----------------------Step14----------------------
Psyduck normalAttack / Eevee ability1 / 
Psyduck is stunned this round
	Psyduck HP 13 (18 - 5), abilitate 2 cooldown 2 
	Eevee HP 29 (29 - 0), abilitate 2 cooldown 2 
----------------------Step15----------------------
Psyduck ability1 / Eevee specialAttack / 
	Psyduck HP 12 (13 - 1), abilitate 1 cooldown 4 abilitate 2 cooldown 1 
	Eevee HP 27 (29 - 2), abilitate 2 cooldown 1 
----------------------Step16----------------------
Psyduck normalAttack / Eevee ability1 / 
	Psyduck HP 7 (12 - 5), abilitate 1 cooldown 3 
	Eevee HP 27 (27 - 0), abilitate 1 cooldown 3 
----------------------Step17----------------------
Psyduck normalAttack / Eevee specialAttack / 
	Psyduck HP 6 (7 - 1), abilitate 1 cooldown 2 
	Eevee HP 27 (27 - 0), abilitate 1 cooldown 2 
----------------------Step18----------------------
Psyduck ability2 / Eevee specialAttack / 
	Psyduck HP 5 (6 - 1), abilitate 1 cooldown 1 abilitate 2 cooldown 5 
	Eevee HP 25 (27 - 2), abilitate 1 cooldown 1 
----------------------Step19----------------------
Psyduck normalAttack / Eevee specialAttack / 
Eevee is stunned this round
	Psyduck HP 5 (5 - 0), abilitate 2 cooldown 4 
	Eevee HP 25 (25 - 0), 
----------------------Step20----------------------
Psyduck ability1 / Eevee ability2 / 
	Psyduck HP 2 (5 - 3), abilitate 1 cooldown 4 abilitate 2 cooldown 3 
	Eevee HP 23 (25 - 2), abilitate 2 cooldown 3 
----------------------Step21----------------------
Psyduck normalAttack / Eevee specialAttack / 
Psyduck is stunned this round
	Psyduck HP 1 (2 - 1), abilitate 1 cooldown 3 abilitate 2 cooldown 2 
	Eevee HP 23 (23 - 0), abilitate 2 cooldown 2 
----------------------Step22----------------------
Psyduck normalAttack / Eevee ability1 / 
	Psyduck HP -4 (1 - 5), abilitate 1 cooldown 2 abilitate 2 cooldown 1 
	Eevee HP 23 (23 - 0), abilitate 1 cooldown 3 abilitate 2 cooldown 1 
Player2 Wins
[][][][][][][][][][][][][] ROUND2 [][][][][][][][][][][][][]
Bulbasaur has these items[]
+0 hp; +0 specialAttack; +0 defense; +0 specialDefense
Bulbasaur has these items[]
+0 hp; +0 specialAttack; +0 defense; +0 specialDefense
----------------------Step1----------------------
Bulbasaur ability1 / Bulbasaur ability1 / 
	Bulbasaur HP 36 (42 - 6), abilitate 1 cooldown 4 
	Bulbasaur HP 36 (42 - 6), abilitate 1 cooldown 4 
----------------------Step2----------------------
Bulbasaur ability2 / Bulbasaur ability2 / 
	Bulbasaur HP 31 (36 - 5), abilitate 1 cooldown 3 abilitate 2 cooldown 3 
	Bulbasaur HP 31 (36 - 5), abilitate 1 cooldown 3 abilitate 2 cooldown 3 
----------------------Step3----------------------
Bulbasaur specialAttack / Bulbasaur specialAttack / 
	Bulbasaur HP 27 (31 - 4), abilitate 1 cooldown 2 abilitate 2 cooldown 2 
	Bulbasaur HP 27 (31 - 4), abilitate 1 cooldown 2 abilitate 2 cooldown 2 
----------------------Step4----------------------
Bulbasaur specialAttack / Bulbasaur specialAttack / 
	Bulbasaur HP 23 (27 - 4), abilitate 1 cooldown 1 abilitate 2 cooldown 1 
	Bulbasaur HP 23 (27 - 4), abilitate 1 cooldown 1 abilitate 2 cooldown 1 
----------------------Step5----------------------
Bulbasaur specialAttack / Bulbasaur specialAttack / 
	Bulbasaur HP 19 (23 - 4), 
	Bulbasaur HP 19 (23 - 4), 
----------------------Step6----------------------
Bulbasaur specialAttack / Bulbasaur specialAttack / 
	Bulbasaur HP 15 (19 - 4), 
	Bulbasaur HP 15 (19 - 4), 
----------------------Step7----------------------
Bulbasaur specialAttack / Bulbasaur specialAttack / 
	Bulbasaur HP 11 (15 - 4), 
	Bulbasaur HP 11 (15 - 4), 
----------------------Step8----------------------
Bulbasaur ability2 / Bulbasaur ability2 / 
	Bulbasaur HP 6 (11 - 5), abilitate 2 cooldown 3 
	Bulbasaur HP 6 (11 - 5), abilitate 2 cooldown 3 
----------------------Step9----------------------
Bulbasaur ability1 / Bulbasaur specialAttack / 
	Bulbasaur HP 2 (6 - 4), abilitate 1 cooldown 4 abilitate 2 cooldown 2 
	Bulbasaur HP 0 (6 - 6), abilitate 2 cooldown 2 
Player1 Wins
[][][][][][][][][][][][][] ROUND3 [][][][][][][][][][][][][]
Eevee has these items[]
+0 hp; +0 specialAttack; +0 defense; +0 specialDefense
Psyduck has these items[]
+0 hp; +0 normalAttack; +0 defense; +0 specialDefense
----------------------Step1----------------------
Eevee ability2 / Psyduck ability1 / 
	Eevee HP 37 (39 - 2), abilitate 2 cooldown 3 
	Psyduck HP 40 (43 - 3), abilitate 1 cooldown 4 
----------------------Step2----------------------
Eevee specialAttack / Psyduck normalAttack / 
Psyduck is stunned this round
	Eevee HP 37 (37 - 0), abilitate 2 cooldown 2 
	Psyduck HP 39 (40 - 1), abilitate 1 cooldown 3 
----------------------Step3----------------------
Eevee specialAttack / Psyduck normalAttack / 
	Eevee HP 37 (37 - 0), abilitate 2 cooldown 1 
	Psyduck HP 38 (39 - 1), abilitate 1 cooldown 2 
----------------------Step4----------------------
Eevee ability1 / Psyduck ability2 / 
	Eevee HP 35 (37 - 2), abilitate 1 cooldown 3 
	Psyduck HP 33 (38 - 5), abilitate 1 cooldown 1 abilitate 2 cooldown 5 
----------------------Step5----------------------
Eevee specialAttack / Psyduck normalAttack / 
Eevee is stunned this round
	Eevee HP 35 (35 - 0), abilitate 1 cooldown 2 
	Psyduck HP 33 (33 - 0), abilitate 2 cooldown 4 
----------------------Step6----------------------
Eevee specialAttack / Psyduck ability1 / 
	Eevee HP 33 (35 - 2), abilitate 1 cooldown 1 
	Psyduck HP 32 (33 - 1), abilitate 1 cooldown 4 abilitate 2 cooldown 3 
----------------------Step7----------------------
Eevee specialAttack / Psyduck normalAttack / 
	Eevee HP 33 (33 - 0), 
	Psyduck HP 31 (32 - 1), abilitate 1 cooldown 3 abilitate 2 cooldown 2 
----------------------Step8----------------------
Eevee specialAttack / Psyduck normalAttack / 
	Eevee HP 33 (33 - 0), 
	Psyduck HP 30 (31 - 1), abilitate 1 cooldown 2 abilitate 2 cooldown 1 
----------------------Step9----------------------
Eevee ability2 / Psyduck normalAttack / 
	Eevee HP 33 (33 - 0), abilitate 2 cooldown 3 
	Psyduck HP 27 (30 - 3), abilitate 1 cooldown 1 
----------------------Step10----------------------
Eevee specialAttack / Psyduck normalAttack / 
Psyduck is stunned this round
	Eevee HP 33 (33 - 0), abilitate 2 cooldown 2 
	Psyduck HP 26 (27 - 1), 
----------------------Step11----------------------
Eevee ability1 / Psyduck ability1 / 
	Eevee HP 31 (33 - 2), abilitate 1 cooldown 3 abilitate 2 cooldown 1 
	Psyduck HP 21 (26 - 5), abilitate 1 cooldown 4 
----------------------Step12----------------------
Eevee specialAttack / Psyduck ability2 / 
	Eevee HP 29 (31 - 2), abilitate 1 cooldown 2 
	Psyduck HP 20 (21 - 1), abilitate 1 cooldown 3 abilitate 2 cooldown 5 
----------------------Step13----------------------
Eevee specialAttack / Psyduck normalAttack / 
Eevee is stunned this round
	Eevee HP 29 (29 - 0), abilitate 1 cooldown 1 
	Psyduck HP 20 (20 - 0), abilitate 1 cooldown 2 abilitate 2 cooldown 4 
----------------------Step14----------------------
Eevee ability2 / Psyduck normalAttack / 
	Eevee HP 29 (29 - 0), abilitate 2 cooldown 3 
	Psyduck HP 17 (20 - 3), abilitate 1 cooldown 1 abilitate 2 cooldown 3 
----------------------Step15----------------------
Eevee specialAttack / Psyduck normalAttack / 
Psyduck is stunned this round
	Eevee HP 29 (29 - 0), abilitate 2 cooldown 2 
	Psyduck HP 16 (17 - 1), abilitate 2 cooldown 2 
----------------------Step16----------------------
Eevee ability1 / Psyduck normalAttack / 
	Eevee HP 29 (29 - 0), abilitate 1 cooldown 3 abilitate 2 cooldown 1 
	Psyduck HP 11 (16 - 5), abilitate 2 cooldown 1 
----------------------Step17----------------------
Eevee specialAttack / Psyduck normalAttack / 
	Eevee HP 29 (29 - 0), abilitate 1 cooldown 2 
	Psyduck HP 10 (11 - 1), 
----------------------Step18----------------------
Eevee ability2 / Psyduck ability2 / 
	Eevee HP 27 (29 - 2), abilitate 1 cooldown 1 abilitate 2 cooldown 3 
	Psyduck HP 7 (10 - 3), abilitate 2 cooldown 5 
----------------------Step19----------------------
Eevee specialAttack / Psyduck normalAttack / 
Psyduck is stunned this round
Eevee is stunned this round
	Eevee HP 27 (27 - 0), abilitate 2 cooldown 2 
	Psyduck HP 7 (7 - 0), abilitate 2 cooldown 4 
----------------------Step20----------------------
Eevee ability1 / Psyduck ability1 / 
	Eevee HP 25 (27 - 2), abilitate 1 cooldown 3 abilitate 2 cooldown 1 
	Psyduck HP 2 (7 - 5), abilitate 1 cooldown 4 abilitate 2 cooldown 3 
----------------------Step21----------------------
Eevee specialAttack / Psyduck normalAttack / 
	Eevee HP 25 (25 - 0), abilitate 1 cooldown 2 
	Psyduck HP 1 (2 - 1), abilitate 1 cooldown 3 abilitate 2 cooldown 2 
----------------------Step22----------------------
Eevee ability2 / Psyduck normalAttack / 
	Eevee HP 25 (25 - 0), abilitate 1 cooldown 1 abilitate 2 cooldown 3 
	Psyduck HP -2 (1 - 3), abilitate 1 cooldown 2 abilitate 2 cooldown 1 
Player1 Wins
[][][][][][][][][][][][][] FINAL ROUND [][][][][][][][][][][][][]
Eevee has these items[]
+0 hp; +0 specialAttack; +0 defense; +0 specialDefense
Eevee has these items[]
+0 hp; +0 specialAttack; +0 defense; +0 specialDefense
----------------------Step1----------------------
Eevee ability1 / Eevee ability1 / 
	Eevee HP 34 (39 - 5), abilitate 1 cooldown 3 
	Eevee HP 34 (39 - 5), abilitate 1 cooldown 3 
----------------------Step2----------------------
Eevee specialAttack / Eevee ability2 / 
	Eevee HP 31 (34 - 3), abilitate 1 cooldown 2 
	Eevee HP 33 (34 - 1), abilitate 1 cooldown 2 abilitate 2 cooldown 3 
----------------------Step3----------------------
Eevee specialAttack / Eevee specialAttack / 
Eevee is stunned this round
	Eevee HP 30 (31 - 1), abilitate 1 cooldown 1 
	Eevee HP 33 (33 - 0), abilitate 1 cooldown 1 abilitate 2 cooldown 2 
----------------------Step4----------------------
Eevee ability2 / Eevee specialAttack / 
	Eevee HP 29 (30 - 1), abilitate 2 cooldown 3 
	Eevee HP 30 (33 - 3), abilitate 2 cooldown 1 
----------------------Step5----------------------
Eevee ability1 / Eevee specialAttack / 
Eevee is stunned this round
	Eevee HP 29 (29 - 0), abilitate 2 cooldown 2 
	Eevee HP 25 (30 - 5), 
----------------------Step6----------------------
Eevee specialAttack / Eevee specialAttack / 
	Eevee HP 28 (29 - 1), abilitate 2 cooldown 1 
	Eevee HP 24 (25 - 1), 
----------------------Step7----------------------
Eevee ability1 / Eevee specialAttack / 
	Eevee HP 27 (28 - 1), abilitate 1 cooldown 3 
	Eevee HP 19 (24 - 5), 
----------------------Step8----------------------
Eevee specialAttack / Eevee ability1 / 
	Eevee HP 22 (27 - 5), abilitate 1 cooldown 2 
	Eevee HP 18 (19 - 1), abilitate 1 cooldown 3 
----------------------Step9----------------------
Eevee specialAttack / Eevee ability2 / 
	Eevee HP 19 (22 - 3), abilitate 1 cooldown 1 
	Eevee HP 17 (18 - 1), abilitate 1 cooldown 2 abilitate 2 cooldown 3 
----------------------Step10----------------------
Eevee specialAttack / Eevee specialAttack / 
Eevee is stunned this round
	Eevee HP 18 (19 - 1), 
	Eevee HP 17 (17 - 0), abilitate 1 cooldown 1 abilitate 2 cooldown 2 
----------------------Step11----------------------
Eevee ability1 / Eevee specialAttack / 
	Eevee HP 17 (18 - 1), abilitate 1 cooldown 3 
	Eevee HP 12 (17 - 5), abilitate 2 cooldown 1 
----------------------Step12----------------------
Eevee specialAttack / Eevee specialAttack / 
	Eevee HP 16 (17 - 1), abilitate 1 cooldown 2 
	Eevee HP 11 (12 - 1), 
----------------------Step13----------------------
Eevee ability2 / Eevee specialAttack / 
	Eevee HP 15 (16 - 1), abilitate 1 cooldown 1 abilitate 2 cooldown 3 
	Eevee HP 8 (11 - 3), 
----------------------Step14----------------------
Eevee specialAttack / Eevee specialAttack / 
Eevee is stunned this round
	Eevee HP 15 (15 - 0), abilitate 2 cooldown 2 
	Eevee HP 7 (8 - 1), 
----------------------Step15----------------------
Eevee specialAttack / Eevee specialAttack / 
	Eevee HP 14 (15 - 1), abilitate 2 cooldown 1 
	Eevee HP 6 (7 - 1), 
----------------------Step16----------------------
Eevee ability1 / Eevee ability2 / 
	Eevee HP 11 (14 - 3), abilitate 1 cooldown 3 
	Eevee HP 1 (6 - 5), abilitate 2 cooldown 3 
----------------------Step17----------------------
Eevee specialAttack / Eevee specialAttack / 
Eevee is stunned this round
	Eevee HP 10 (11 - 1), abilitate 1 cooldown 2 
	Eevee HP 1 (1 - 0), abilitate 2 cooldown 2 
----------------------Step18----------------------
Eevee ability2 / Eevee ability1 / 
	Eevee HP 5 (10 - 5), abilitate 1 cooldown 1 abilitate 2 cooldown 3 
	Eevee HP -2 (1 - 3), abilitate 1 cooldown 3 abilitate 2 cooldown 1 
Player1 Wins
The battle was won by Player1

