[][][][][][][][][][][][][] ROUND1 [][][][][][][][][][][][][]
Psyduck has these items[(Sabiuta),(Vesta),(Vitamine)]
+12 hp; +5 normalAttack; +0 defense; +0 specialDefense
Eevee has these items[]
+0 hp; +0 specialAttack; +0 defense; +0 specialDefense
----------------------Step1----------------------
Psyduck normalAttack / Eevee ability2 / 
	Psyduck HP 52 (55 - 3), 
	Eevee HP 34 (39 - 5), abilitate 2 cooldown 3 
----------------------Step2----------------------
Psyduck normalAttack / Eevee ability1 / 
Psyduck is stunned this round
	Psyduck HP 47 (52 - 5), 
	Eevee HP 34 (34 - 0), abilitate 2 cooldown 2 
----------------------Step3----------------------
Psyduck ability1 / Eevee specialAttack / 
	Psyduck HP 46 (47 - 1), abilitate 1 cooldown 4 
	Eevee HP 32 (34 - 2), abilitate 2 cooldown 1 
----------------------Step4----------------------
Psyduck normalAttack / Eevee ability1 / 
	Psyduck HP 41 (46 - 5), abilitate 1 cooldown 3 
	Eevee HP 27 (32 - 5), abilitate 1 cooldown 3 
----------------------Step5----------------------
Psyduck normalAttack / Eevee specialAttack / 
	Psyduck HP 40 (41 - 1), abilitate 1 cooldown 2 
	Eevee HP 22 (27 - 5), abilitate 1 cooldown 2 
----------------------Step6----------------------
Psyduck ability2 / Eevee specialAttack / 
	Psyduck HP 39 (40 - 1), abilitate 1 cooldown 1 abilitate 2 cooldown 5 
	Eevee HP 20 (22 - 2), abilitate 1 cooldown 1 
----------------------Step7----------------------
Psyduck normalAttack / Eevee specialAttack / 
Eevee is stunned this round
	Psyduck HP 39 (39 - 0), abilitate 2 cooldown 4 
	Eevee HP 15 (20 - 5), 
----------------------Step8----------------------
Psyduck normalAttack / Eevee specialAttack / 
	Psyduck HP 38 (39 - 1), abilitate 2 cooldown 3 
	Eevee HP 10 (15 - 5), 
----------------------Step9----------------------
Psyduck ability1 / Eevee ability2 / 
	Psyduck HP 35 (38 - 3), abilitate 1 cooldown 4 abilitate 2 cooldown 2 
	Eevee HP 8 (10 - 2), abilitate 2 cooldown 3 
----------------------Step10----------------------
Psyduck normalAttack / Eevee specialAttack / 
Psyduck is stunned this round
	Psyduck HP 34 (35 - 1), abilitate 1 cooldown 3 abilitate 2 cooldown 1 
	Eevee HP 8 (8 - 0), abilitate 2 cooldown 2 
----------------------Step11----------------------
Psyduck normalAttack / Eevee specialAttack / 
	Psyduck HP 33 (34 - 1), abilitate 1 cooldown 2 
	Eevee HP 3 (8 - 5), abilitate 2 cooldown 1 
----------------------Step12----------------------
Psyduck normalAttack / Eevee specialAttack / 
	Psyduck HP 32 (33 - 1), abilitate 1 cooldown 1 
	Eevee HP -2 (3 - 5), 
Lucker Wins
[][][][][][][][][][][][][] ROUND2 [][][][][][][][][][][][][]
Meowth has these items[(Pelerina),(Vitamine)]
+2 hp; +2 normalAttack; +0 defense; +3 specialDefense
Vulpix has these items[(Brad_De_Craciun),(Vitamine)]
+2 hp; +5 normalAttack; +1 defense; +0 specialDefense
----------------------Step1----------------------
Meowth normalAttack / Vulpix normalAttack / 
	Meowth HP 37 (43 - 6), 
	Vulpix HP 36 (38 - 2), 
----------------------Step2----------------------
Meowth ability2 / Vulpix ability2 / 
Meowth dodge is active this round
Vulpix dodge is active this round
	Meowth HP 37 (37 - 0), abilitate 2 cooldown 3 
	Vulpix HP 36 (36 - 0), abilitate 2 cooldown 7 
----------------------Step3----------------------
Meowth ability1 / Vulpix normalAttack / 
Meowth dodge is active this round
	Meowth HP 37 (37 - 0), abilitate 1 cooldown 4 abilitate 2 cooldown 2 
	Vulpix HP 31 (36 - 5), abilitate 2 cooldown 6 
----------------------Step4----------------------
Meowth normalAttack / Vulpix ability1 / 
	Meowth HP 29 (37 - 8), abilitate 1 cooldown 3 abilitate 2 cooldown 1 
	Vulpix HP 29 (31 - 2), abilitate 1 cooldown 6 abilitate 2 cooldown 5 
----------------------Step5----------------------
Meowth normalAttack / Vulpix normalAttack / 
Meowth is stunned this round
	Meowth HP 23 (29 - 6), abilitate 1 cooldown 2 
	Vulpix HP 29 (29 - 0), abilitate 1 cooldown 5 abilitate 2 cooldown 4 
----------------------Step6----------------------
Meowth normalAttack / Vulpix normalAttack / 
	Meowth HP 17 (23 - 6), abilitate 1 cooldown 1 
	Vulpix HP 27 (29 - 2), abilitate 1 cooldown 4 abilitate 2 cooldown 3 
----------------------Step7----------------------
Meowth normalAttack / Vulpix normalAttack / 
	Meowth HP 11 (17 - 6), 
	Vulpix HP 25 (27 - 2), abilitate 1 cooldown 3 abilitate 2 cooldown 2 
----------------------Step8----------------------
Meowth ability2 / Vulpix normalAttack / 
Meowth dodge is active this round
	Meowth HP 11 (11 - 0), abilitate 2 cooldown 3 
	Vulpix HP 24 (25 - 1), abilitate 1 cooldown 2 abilitate 2 cooldown 1 
----------------------Step9----------------------
Meowth normalAttack / Vulpix normalAttack / 
	Meowth HP 5 (11 - 6), abilitate 2 cooldown 2 
	Vulpix HP 22 (24 - 2), abilitate 1 cooldown 1 
----------------------Step10----------------------
Meowth normalAttack / Vulpix ability2 / 
Vulpix dodge is active this round
	Meowth HP 3 (5 - 2), abilitate 2 cooldown 1 
	Vulpix HP 22 (22 - 0), abilitate 2 cooldown 7 
----------------------Step11----------------------
Meowth normalAttack / Vulpix ability1 / 
	Meowth HP -5 (3 - 8), 
	Vulpix HP 20 (22 - 2), abilitate 1 cooldown 6 abilitate 2 cooldown 6 
BO$$ Wins
[][][][][][][][][][][][][] ROUND3 [][][][][][][][][][][][][]
Jigglypuff has these items[(Vitamine),(Brad_De_Craciun),(Sabiuta)]
+2 hp; +8 normalAttack; +1 defense; +0 specialDefense
Snorlax has these items[(Vesta),(Vitamine)]
+12 hp; +2 normalAttack; +0 defense; +0 specialDefense
----------------------Step1----------------------
Jigglypuff normalAttack / Snorlax ability2 / 
Snorlax dodge is active this round
	Jigglypuff HP 36 (36 - 0), 
	Snorlax HP 74 (74 - 0), abilitate 2 cooldown 5 
----------------------Step2----------------------
Jigglypuff ability2 / Snorlax ability1 / 
	Jigglypuff HP 32 (36 - 4), abilitate 2 cooldown 4 
	Snorlax HP 71 (74 - 3), abilitate 1 cooldown 5 abilitate 2 cooldown 4 
----------------------Step3----------------------
Jigglypuff normalAttack / Snorlax normalAttack / 
Snorlax is stunned this round
Jigglypuff is stunned this round
	Jigglypuff HP 32 (32 - 0), abilitate 2 cooldown 3 
	Snorlax HP 71 (71 - 0), abilitate 1 cooldown 4 abilitate 2 cooldown 3 
----------------------Step4----------------------
Jigglypuff normalAttack / Snorlax normalAttack / 
	Jigglypuff HP 30 (32 - 2), abilitate 2 cooldown 2 
	Snorlax HP 65 (71 - 6), abilitate 1 cooldown 3 abilitate 2 cooldown 2 
----------------------Step5----------------------
Jigglypuff ability1 / Snorlax normalAttack / 
	Jigglypuff HP 28 (30 - 2), abilitate 1 cooldown 4 abilitate 2 cooldown 1 
	Snorlax HP 61 (65 - 4), abilitate 1 cooldown 2 abilitate 2 cooldown 1 
----------------------Step6----------------------
Jigglypuff normalAttack / Snorlax normalAttack / 
Snorlax is stunned this round
	Jigglypuff HP 28 (28 - 0), abilitate 1 cooldown 3 
	Snorlax HP 55 (61 - 6), abilitate 1 cooldown 1 
----------------------Step7----------------------
Jigglypuff ability2 / Snorlax ability2 / 
Snorlax dodge is active this round
	Jigglypuff HP 28 (28 - 0), abilitate 1 cooldown 2 abilitate 2 cooldown 4 
	Snorlax HP 55 (55 - 0), abilitate 2 cooldown 5 
----------------------Step8----------------------
Jigglypuff normalAttack / Snorlax normalAttack / 
	Jigglypuff HP 26 (28 - 2), abilitate 1 cooldown 1 abilitate 2 cooldown 3 
	Snorlax HP 49 (55 - 6), abilitate 2 cooldown 4 
----------------------Step9----------------------
Jigglypuff normalAttack / Snorlax normalAttack / 
	Jigglypuff HP 24 (26 - 2), abilitate 2 cooldown 2 
	Snorlax HP 43 (49 - 6), abilitate 2 cooldown 3 
----------------------Step10----------------------
Jigglypuff ability1 / Snorlax ability1 / 
	Jigglypuff HP 20 (24 - 4), abilitate 1 cooldown 4 abilitate 2 cooldown 1 
	Snorlax HP 39 (43 - 4), abilitate 1 cooldown 5 abilitate 2 cooldown 2 
----------------------Step11----------------------
Jigglypuff normalAttack / Snorlax normalAttack / 
Snorlax is stunned this round
Jigglypuff is stunned this round
	Jigglypuff HP 20 (20 - 0), abilitate 1 cooldown 3 
	Snorlax HP 39 (39 - 0), abilitate 1 cooldown 4 abilitate 2 cooldown 1 
----------------------Step12----------------------
Jigglypuff normalAttack / Snorlax normalAttack / 
	Jigglypuff HP 18 (20 - 2), abilitate 1 cooldown 2 
	Snorlax HP 33 (39 - 6), abilitate 1 cooldown 3 
----------------------Step13----------------------
Jigglypuff ability2 / Snorlax ability2 / 
Snorlax dodge is active this round
	Jigglypuff HP 18 (18 - 0), abilitate 1 cooldown 1 abilitate 2 cooldown 4 
	Snorlax HP 33 (33 - 0), abilitate 1 cooldown 2 abilitate 2 cooldown 5 
----------------------Step14----------------------
Jigglypuff normalAttack / Snorlax normalAttack / 
	Jigglypuff HP 16 (18 - 2), abilitate 2 cooldown 3 
	Snorlax HP 27 (33 - 6), abilitate 1 cooldown 1 abilitate 2 cooldown 4 
----------------------Step15----------------------
Jigglypuff normalAttack / Snorlax normalAttack / 
	Jigglypuff HP 14 (16 - 2), abilitate 2 cooldown 2 
	Snorlax HP 21 (27 - 6), abilitate 2 cooldown 3 
----------------------Step16----------------------
Jigglypuff ability1 / Snorlax ability1 / 
	Jigglypuff HP 10 (14 - 4), abilitate 1 cooldown 4 abilitate 2 cooldown 1 
	Snorlax HP 17 (21 - 4), abilitate 1 cooldown 5 abilitate 2 cooldown 2 
----------------------Step17----------------------
Jigglypuff normalAttack / Snorlax normalAttack / 
Snorlax is stunned this round
Jigglypuff is stunned this round
	Jigglypuff HP 10 (10 - 0), abilitate 1 cooldown 3 
	Snorlax HP 17 (17 - 0), abilitate 1 cooldown 4 abilitate 2 cooldown 1 
----------------------Step18----------------------
Jigglypuff normalAttack / Snorlax normalAttack / 
	Jigglypuff HP 8 (10 - 2), abilitate 1 cooldown 2 
	Snorlax HP 11 (17 - 6), abilitate 1 cooldown 3 
----------------------Step19----------------------
Jigglypuff ability2 / Snorlax ability2 / 
Snorlax dodge is active this round
	Jigglypuff HP 8 (8 - 0), abilitate 1 cooldown 1 abilitate 2 cooldown 4 
	Snorlax HP 11 (11 - 0), abilitate 1 cooldown 2 abilitate 2 cooldown 5 
----------------------Step20----------------------
Jigglypuff normalAttack / Snorlax normalAttack / 
	Jigglypuff HP 6 (8 - 2), abilitate 2 cooldown 3 
	Snorlax HP 5 (11 - 6), abilitate 1 cooldown 1 abilitate 2 cooldown 4 
----------------------Step21----------------------
Jigglypuff ability1 / Snorlax normalAttack / 
	Jigglypuff HP 4 (6 - 2), abilitate 1 cooldown 4 abilitate 2 cooldown 2 
	Snorlax HP 1 (5 - 4), abilitate 2 cooldown 3 
----------------------Step22----------------------
Jigglypuff normalAttack / Snorlax normalAttack / 
Snorlax is stunned this round
	Jigglypuff HP 4 (4 - 0), abilitate 1 cooldown 3 abilitate 2 cooldown 1 
	Snorlax HP -5 (1 - 6), abilitate 2 cooldown 2 
Lucker Wins
[][][][][][][][][][][][][] FINAL ROUND [][][][][][][][][][][][][]
Psyduck has these items[(Scut)]
+0 hp; +0 normalAttack; +2 defense; +2 specialDefense
Vulpix has these items[(Scut),(Vesta),(Sabiuta)]
+10 hp; +3 normalAttack; +2 defense; +2 specialDefense
----------------------Step1----------------------
Psyduck normalAttack / Vulpix normalAttack / 
	Psyduck HP 40 (43 - 3), 
	Vulpix HP 46 (46 - 0), 
----------------------Step2----------------------
Psyduck ability1 / Vulpix ability1 / 
	Psyduck HP 32 (40 - 8), abilitate 1 cooldown 4 
	Vulpix HP 44 (46 - 2), abilitate 1 cooldown 6 
----------------------Step3----------------------
Psyduck normalAttack / Vulpix normalAttack / 
Psyduck is stunned this round
	Psyduck HP 29 (32 - 3), abilitate 1 cooldown 3 
	Vulpix HP 44 (44 - 0), abilitate 1 cooldown 5 
----------------------Step4----------------------
Psyduck ability2 / Vulpix normalAttack / 
	Psyduck HP 26 (29 - 3), abilitate 1 cooldown 2 abilitate 2 cooldown 5 
	Vulpix HP 42 (44 - 2), abilitate 1 cooldown 4 
----------------------Step5----------------------
Psyduck normalAttack / Vulpix normalAttack / 
Vulpix is stunned this round
	Psyduck HP 26 (26 - 0), abilitate 1 cooldown 1 abilitate 2 cooldown 4 
	Vulpix HP 42 (42 - 0), abilitate 1 cooldown 3 
----------------------Step6----------------------
Psyduck normalAttack / Vulpix ability2 / 
Vulpix dodge is active this round
	Psyduck HP 24 (26 - 2), abilitate 2 cooldown 3 
	Vulpix HP 42 (42 - 0), abilitate 1 cooldown 2 abilitate 2 cooldown 7 
----------------------Step7----------------------
Psyduck normalAttack / Vulpix normalAttack / 
	Psyduck HP 21 (24 - 3), abilitate 2 cooldown 2 
	Vulpix HP 42 (42 - 0), abilitate 1 cooldown 1 abilitate 2 cooldown 6 
----------------------Step8----------------------
Psyduck normalAttack / Vulpix normalAttack / 
	Psyduck HP 18 (21 - 3), abilitate 2 cooldown 1 
	Vulpix HP 42 (42 - 0), abilitate 2 cooldown 5 
----------------------Step9----------------------
Psyduck ability1 / Vulpix ability1 / 
	Psyduck HP 10 (18 - 8), abilitate 1 cooldown 4 
	Vulpix HP 40 (42 - 2), abilitate 1 cooldown 6 abilitate 2 cooldown 4 
----------------------Step10----------------------
Psyduck normalAttack / Vulpix normalAttack / 
Psyduck is stunned this round
	Psyduck HP 7 (10 - 3), abilitate 1 cooldown 3 
	Vulpix HP 40 (40 - 0), abilitate 1 cooldown 5 abilitate 2 cooldown 3 
----------------------Step11----------------------
Psyduck normalAttack / Vulpix normalAttack / 
	Psyduck HP 4 (7 - 3), abilitate 1 cooldown 2 
	Vulpix HP 40 (40 - 0), abilitate 1 cooldown 4 abilitate 2 cooldown 2 
----------------------Step12----------------------
Psyduck normalAttack / Vulpix normalAttack / 
	Psyduck HP 1 (4 - 3), abilitate 1 cooldown 1 
	Vulpix HP 40 (40 - 0), abilitate 1 cooldown 3 abilitate 2 cooldown 1 
----------------------Step13----------------------
Psyduck normalAttack / Vulpix normalAttack / 
	Psyduck HP -2 (1 - 3), 
	Vulpix HP 40 (40 - 0), abilitate 1 cooldown 2 
BO$$ Wins
The battle was won by BO$$

