----------------------Step1----------------------
Pikachu ability1 / Neutrel1 normalAttack / 
	Pikachu HP 34 (35 - 1), abilitate 1 cooldown 4 
	Neutrel1 HP 4 (10 - 6), 
----------------------Step2----------------------
Pikachu specialAttack / Neutrel1 ability1 / 
	Pikachu HP 34 (34 - 0), abilitate 1 cooldown 3 
	Neutrel1 HP 1 (4 - 3), 
----------------------Step3----------------------
Pikachu ability2 / Neutrel1 ability1 / 
Pikachu dodge is active this round
	Pikachu HP 34 (34 - 0), abilitate 1 cooldown 2 abilitate 2 cooldown 5 
	Neutrel1 HP -3 (1 - 4), 
Gamer Wins
----------------------Step1----------------------
Squirtle specialAttack / Neutrel1 normalAttack / 
	Squirtle HP 60 (60 - 0), 
	Neutrel1 HP 8 (10 - 2), 
----------------------Step2----------------------
Squirtle ability2 / Neutrel1 normalAttack / 
	Squirtle HP 60 (60 - 0), abilitate 2 cooldown 2 
	Neutrel1 HP 6 (8 - 2), 
----------------------Step3----------------------
Squirtle ability1 / Neutrel1 normalAttack / 
Neutrel1 is stunned this round
	Squirtle HP 60 (60 - 0), abilitate 2 cooldown 1 
	Neutrel1 HP 2 (6 - 4), 
----------------------Step4----------------------
Squirtle ability1 / Neutrel1 ability1 / 
	Squirtle HP 60 (60 - 0), abilitate 1 cooldown 3 
	Neutrel1 HP -2 (2 - 4), 
Noob Wins
----------------------Step1----------------------
Bulbasaur ability2 / Neutrel1 ability2 / 
	Bulbasaur HP 42 (42 - 0), abilitate 2 cooldown 3 
	Neutrel1 HP 5 (10 - 5), 
----------------------Step2----------------------
Bulbasaur ability1 / Neutrel1 ability1 / 
	Bulbasaur HP 42 (42 - 0), abilitate 1 cooldown 4 abilitate 2 cooldown 2 
	Neutrel1 HP -1 (5 - 6), 
Gamer Wins
----------------------Step1----------------------
Snorlax ability2 / Neutrel1 ability2 / 
Snorlax dodge is active this round
	Snorlax HP 62 (62 - 0), abilitate 2 cooldown 5 
	Neutrel1 HP 10 (10 - 0), 
----------------------Step2----------------------
Snorlax normalAttack / Neutrel1 normalAttack / 
	Snorlax HP 62 (62 - 0), abilitate 2 cooldown 4 
	Neutrel1 HP 8 (10 - 2), 
----------------------Step3----------------------
Snorlax ability1 / Neutrel1 normalAttack / 
	Snorlax HP 62 (62 - 0), abilitate 1 cooldown 5 abilitate 2 cooldown 3 
	Neutrel1 HP 4 (8 - 4), 
----------------------Step4----------------------
Snorlax normalAttack / Neutrel1 normalAttack / 
Neutrel1 is stunned this round
	Snorlax HP 62 (62 - 0), abilitate 1 cooldown 4 abilitate 2 cooldown 2 
	Neutrel1 HP 2 (4 - 2), 
----------------------Step5----------------------
Snorlax normalAttack / Neutrel1 ability2 / 
	Snorlax HP 62 (62 - 0), abilitate 1 cooldown 3 abilitate 2 cooldown 1 
	Neutrel1 HP 0 (2 - 2), 
Noob Wins
[][][][][][][][][][][][][] ROUND1 [][][][][][][][][][][][][]
Pikachu has these items[(Vesta),(Vitamine)]
+12 hp; +2 specialAttack; +0 defense; +0 specialDefense
Squirtle has these items[(Vitamine),(Brad_De_Craciun)]
+2 hp; +2 specialAttack; +1 defense; +0 specialDefense
----------------------Step1----------------------
Pikachu ability2 / Squirtle ability2 / 
Pikachu dodge is active this round
	Pikachu HP 47 (47 - 0), abilitate 2 cooldown 5 
	Squirtle HP 58 (62 - 4), abilitate 2 cooldown 2 
----------------------Step2----------------------
Pikachu specialAttack / Squirtle specialAttack / 
Squirtle is stunned this round
	Pikachu HP 47 (47 - 0), abilitate 2 cooldown 4 
	Squirtle HP 57 (58 - 1), abilitate 2 cooldown 1 
----------------------Step3----------------------
Pikachu ability1 / Squirtle ability1 / 
	Pikachu HP 43 (47 - 4), abilitate 1 cooldown 4 abilitate 2 cooldown 3 
	Squirtle HP 51 (57 - 6), abilitate 1 cooldown 3 
----------------------Step4----------------------
Pikachu specialAttack / Squirtle ability2 / 
	Pikachu HP 41 (43 - 2), abilitate 1 cooldown 3 abilitate 2 cooldown 2 
	Squirtle HP 50 (51 - 1), abilitate 1 cooldown 2 abilitate 2 cooldown 2 
----------------------Step5----------------------
Pikachu specialAttack / Squirtle specialAttack / 
Pikachu is stunned this round
	Pikachu HP 39 (41 - 2), abilitate 1 cooldown 2 abilitate 2 cooldown 1 
	Squirtle HP 50 (50 - 0), abilitate 1 cooldown 1 abilitate 2 cooldown 1 
----------------------Step6----------------------
Pikachu specialAttack / Squirtle specialAttack / 
	Pikachu HP 37 (39 - 2), abilitate 1 cooldown 1 
	Squirtle HP 49 (50 - 1), 
----------------------Step7----------------------
Pikachu specialAttack / Squirtle specialAttack / 
	Pikachu HP 35 (37 - 2), 
	Squirtle HP 48 (49 - 1), 
----------------------Step8----------------------
Pikachu ability1 / Squirtle ability2 / 
	Pikachu HP 33 (35 - 2), abilitate 1 cooldown 4 
	Squirtle HP 42 (48 - 6), abilitate 2 cooldown 2 
----------------------Step9----------------------
Pikachu specialAttack / Squirtle specialAttack / 
Pikachu is stunned this round
	Pikachu HP 31 (33 - 2), abilitate 1 cooldown 3 
	Squirtle HP 42 (42 - 0), abilitate 2 cooldown 1 
----------------------Step10----------------------
Pikachu specialAttack / Squirtle specialAttack / 
	Pikachu HP 29 (31 - 2), abilitate 1 cooldown 2 
	Squirtle HP 41 (42 - 1), 
----------------------Step11----------------------
Pikachu specialAttack / Squirtle ability1 / 
	Pikachu HP 25 (29 - 4), abilitate 1 cooldown 1 
	Squirtle HP 40 (41 - 1), abilitate 1 cooldown 3 
----------------------Step12----------------------
Pikachu specialAttack / Squirtle ability2 / 
	Pikachu HP 23 (25 - 2), 
	Squirtle HP 39 (40 - 1), abilitate 1 cooldown 2 abilitate 2 cooldown 2 
----------------------Step13----------------------
Pikachu specialAttack / Squirtle specialAttack / 
Pikachu is stunned this round
	Pikachu HP 21 (23 - 2), 
	Squirtle HP 39 (39 - 0), abilitate 1 cooldown 1 abilitate 2 cooldown 1 
----------------------Step14----------------------
Pikachu ability1 / Squirtle specialAttack / 
	Pikachu HP 19 (21 - 2), abilitate 1 cooldown 4 
	Squirtle HP 33 (39 - 6), 
----------------------Step15----------------------
Pikachu specialAttack / Squirtle ability1 / 
	Pikachu HP 15 (19 - 4), abilitate 1 cooldown 3 
	Squirtle HP 32 (33 - 1), abilitate 1 cooldown 3 
----------------------Step16----------------------
Pikachu ability2 / Squirtle ability2 / 
Pikachu dodge is active this round
	Pikachu HP 15 (15 - 0), abilitate 1 cooldown 2 abilitate 2 cooldown 5 
	Squirtle HP 28 (32 - 4), abilitate 1 cooldown 2 abilitate 2 cooldown 2 
----------------------Step17----------------------
Pikachu specialAttack / Squirtle specialAttack / 
Squirtle is stunned this round
	Pikachu HP 15 (15 - 0), abilitate 1 cooldown 1 abilitate 2 cooldown 4 
	Squirtle HP 27 (28 - 1), abilitate 1 cooldown 1 abilitate 2 cooldown 1 
----------------------Step18----------------------
Pikachu specialAttack / Squirtle specialAttack / 
	Pikachu HP 13 (15 - 2), abilitate 2 cooldown 3 
	Squirtle HP 26 (27 - 1), 
----------------------Step19----------------------
Pikachu specialAttack / Squirtle ability1 / 
	Pikachu HP 9 (13 - 4), abilitate 2 cooldown 2 
	Squirtle HP 25 (26 - 1), abilitate 1 cooldown 3 
----------------------Step20----------------------
Pikachu specialAttack / Squirtle ability2 / 
	Pikachu HP 7 (9 - 2), abilitate 2 cooldown 1 
	Squirtle HP 24 (25 - 1), abilitate 1 cooldown 2 abilitate 2 cooldown 2 
----------------------Step21----------------------
Pikachu specialAttack / Squirtle specialAttack / 
Pikachu is stunned this round
	Pikachu HP 5 (7 - 2), 
	Squirtle HP 24 (24 - 0), abilitate 1 cooldown 1 abilitate 2 cooldown 1 
----------------------Step22----------------------
Pikachu specialAttack / Squirtle specialAttack / 
	Pikachu HP 3 (5 - 2), 
	Squirtle HP 23 (24 - 1), 
----------------------Step23----------------------
Pikachu ability1 / Squirtle specialAttack / 
	Pikachu HP 1 (3 - 2), abilitate 1 cooldown 4 
	Squirtle HP 17 (23 - 6), 
----------------------Step24----------------------
Pikachu specialAttack / Squirtle specialAttack / 
	Pikachu HP -1 (1 - 2), abilitate 1 cooldown 3 
	Squirtle HP 16 (17 - 1), 
Noob Wins
[][][][][][][][][][][][][] ROUND2 [][][][][][][][][][][][][]
Bulbasaur has these items[]
+0 hp; +0 specialAttack; +0 defense; +0 specialDefense
Snorlax has these items[]
+0 hp; +0 normalAttack; +0 defense; +0 specialDefense
----------------------Step1----------------------
Bulbasaur ability2 / Snorlax ability2 / 
Snorlax dodge is active this round
	Bulbasaur HP 42 (42 - 0), abilitate 2 cooldown 3 
	Snorlax HP 62 (62 - 0), abilitate 2 cooldown 5 
----------------------Step2----------------------
Bulbasaur ability1 / Snorlax normalAttack / 
	Bulbasaur HP 42 (42 - 0), abilitate 1 cooldown 4 abilitate 2 cooldown 2 
	Snorlax HP 56 (62 - 6), abilitate 2 cooldown 4 
----------------------Step3----------------------
Bulbasaur specialAttack / Snorlax ability1 / 
	Bulbasaur HP 38 (42 - 4), abilitate 1 cooldown 3 abilitate 2 cooldown 1 
	Snorlax HP 55 (56 - 1), abilitate 1 cooldown 5 abilitate 2 cooldown 3 
----------------------Step4----------------------
Bulbasaur specialAttack / Snorlax normalAttack / 
Bulbasaur is stunned this round
	Bulbasaur HP 38 (38 - 0), abilitate 1 cooldown 2 
	Snorlax HP 55 (55 - 0), abilitate 1 cooldown 4 abilitate 2 cooldown 2 
----------------------Step5----------------------
Bulbasaur specialAttack / Snorlax normalAttack / 
	Bulbasaur HP 38 (38 - 0), abilitate 1 cooldown 1 
	Snorlax HP 54 (55 - 1), abilitate 1 cooldown 3 abilitate 2 cooldown 1 
----------------------Step6----------------------
Bulbasaur ability2 / Snorlax normalAttack / 
	Bulbasaur HP 38 (38 - 0), abilitate 2 cooldown 3 
	Snorlax HP 49 (54 - 5), abilitate 1 cooldown 2 
----------------------Step7----------------------
Bulbasaur ability1 / Snorlax ability2 / 
Snorlax dodge is active this round
	Bulbasaur HP 38 (38 - 0), abilitate 1 cooldown 4 abilitate 2 cooldown 2 
	Snorlax HP 49 (49 - 0), abilitate 1 cooldown 1 abilitate 2 cooldown 5 
----------------------Step8----------------------
Bulbasaur specialAttack / Snorlax normalAttack / 
	Bulbasaur HP 38 (38 - 0), abilitate 1 cooldown 3 abilitate 2 cooldown 1 
	Snorlax HP 48 (49 - 1), abilitate 2 cooldown 4 
----------------------Step9----------------------
Bulbasaur specialAttack / Snorlax ability1 / 
	Bulbasaur HP 34 (38 - 4), abilitate 1 cooldown 2 
	Snorlax HP 47 (48 - 1), abilitate 1 cooldown 5 abilitate 2 cooldown 3 
----------------------Step10----------------------
Bulbasaur specialAttack / Snorlax normalAttack / 
Bulbasaur is stunned this round
	Bulbasaur HP 34 (34 - 0), abilitate 1 cooldown 1 
	Snorlax HP 47 (47 - 0), abilitate 1 cooldown 4 abilitate 2 cooldown 2 
----------------------Step11----------------------
Bulbasaur ability2 / Snorlax normalAttack / 
	Bulbasaur HP 34 (34 - 0), abilitate 2 cooldown 3 
	Snorlax HP 42 (47 - 5), abilitate 1 cooldown 3 abilitate 2 cooldown 1 
----------------------Step12----------------------
Bulbasaur ability1 / Snorlax normalAttack / 
	Bulbasaur HP 34 (34 - 0), abilitate 1 cooldown 4 abilitate 2 cooldown 2 
	Snorlax HP 36 (42 - 6), abilitate 1 cooldown 2 
----------------------Step13----------------------
Bulbasaur specialAttack / Snorlax ability2 / 
Snorlax dodge is active this round
	Bulbasaur HP 34 (34 - 0), abilitate 1 cooldown 3 abilitate 2 cooldown 1 
	Snorlax HP 36 (36 - 0), abilitate 1 cooldown 1 abilitate 2 cooldown 5 
----------------------Step14----------------------
Bulbasaur specialAttack / Snorlax normalAttack / 
	Bulbasaur HP 34 (34 - 0), abilitate 1 cooldown 2 
	Snorlax HP 35 (36 - 1), abilitate 2 cooldown 4 
----------------------Step15----------------------
Bulbasaur specialAttack / Snorlax normalAttack / 
	Bulbasaur HP 34 (34 - 0), abilitate 1 cooldown 1 
	Snorlax HP 34 (35 - 1), abilitate 2 cooldown 3 
----------------------Step16----------------------
Bulbasaur ability2 / Snorlax ability1 / 
	Bulbasaur HP 30 (34 - 4), abilitate 2 cooldown 3 
	Snorlax HP 29 (34 - 5), abilitate 1 cooldown 5 abilitate 2 cooldown 2 
----------------------Step17----------------------
Bulbasaur specialAttack / Snorlax normalAttack / 
Bulbasaur is stunned this round
	Bulbasaur HP 30 (30 - 0), abilitate 2 cooldown 2 
	Snorlax HP 29 (29 - 0), abilitate 1 cooldown 4 abilitate 2 cooldown 1 
----------------------Step18----------------------
Bulbasaur ability1 / Snorlax normalAttack / 
	Bulbasaur HP 30 (30 - 0), abilitate 1 cooldown 4 abilitate 2 cooldown 1 
	Snorlax HP 23 (29 - 6), abilitate 1 cooldown 3 
----------------------Step19----------------------
Bulbasaur specialAttack / Snorlax ability2 / 
Snorlax dodge is active this round
	Bulbasaur HP 30 (30 - 0), abilitate 1 cooldown 3 
	Snorlax HP 23 (23 - 0), abilitate 1 cooldown 2 abilitate 2 cooldown 5 
----------------------Step20----------------------
Bulbasaur ability2 / Snorlax normalAttack / 
	Bulbasaur HP 30 (30 - 0), abilitate 1 cooldown 2 abilitate 2 cooldown 3 
	Snorlax HP 18 (23 - 5), abilitate 1 cooldown 1 abilitate 2 cooldown 4 
----------------------Step21----------------------
Bulbasaur specialAttack / Snorlax normalAttack / 
	Bulbasaur HP 30 (30 - 0), abilitate 1 cooldown 1 abilitate 2 cooldown 2 
	Snorlax HP 17 (18 - 1), abilitate 2 cooldown 3 
----------------------Step22----------------------
Bulbasaur specialAttack / Snorlax ability1 / 
	Bulbasaur HP 26 (30 - 4), abilitate 2 cooldown 1 
	Snorlax HP 16 (17 - 1), abilitate 1 cooldown 5 abilitate 2 cooldown 2 
----------------------Step23----------------------
Bulbasaur specialAttack / Snorlax normalAttack / 
Bulbasaur is stunned this round
	Bulbasaur HP 26 (26 - 0), 
	Snorlax HP 16 (16 - 0), abilitate 1 cooldown 4 abilitate 2 cooldown 1 
----------------------Step24----------------------
Bulbasaur ability1 / Snorlax normalAttack / 
	Bulbasaur HP 26 (26 - 0), abilitate 1 cooldown 4 
	Snorlax HP 10 (16 - 6), abilitate 1 cooldown 3 
----------------------Step25----------------------
Bulbasaur specialAttack / Snorlax normalAttack / 
	Bulbasaur HP 26 (26 - 0), abilitate 1 cooldown 3 
	Snorlax HP 9 (10 - 1), abilitate 1 cooldown 2 
----------------------Step26----------------------
Bulbasaur specialAttack / Snorlax normalAttack / 
	Bulbasaur HP 26 (26 - 0), abilitate 1 cooldown 2 
	Snorlax HP 8 (9 - 1), abilitate 1 cooldown 1 
----------------------Step27----------------------
Bulbasaur ability2 / Snorlax normalAttack / 
	Bulbasaur HP 26 (26 - 0), abilitate 1 cooldown 1 abilitate 2 cooldown 3 
	Snorlax HP 3 (8 - 5), 
----------------------Step28----------------------
Bulbasaur specialAttack / Snorlax ability1 / 
	Bulbasaur HP 22 (26 - 4), abilitate 2 cooldown 2 
	Snorlax HP 2 (3 - 1), abilitate 1 cooldown 5 
----------------------Step29----------------------
Bulbasaur specialAttack / Snorlax normalAttack / 
Bulbasaur is stunned this round
	Bulbasaur HP 22 (22 - 0), abilitate 2 cooldown 1 
	Snorlax HP 2 (2 - 0), abilitate 1 cooldown 4 
----------------------Step30----------------------
Bulbasaur ability1 / Snorlax ability2 / 
Snorlax dodge is active this round
	Bulbasaur HP 22 (22 - 0), abilitate 1 cooldown 4 
	Snorlax HP 2 (2 - 0), abilitate 1 cooldown 3 abilitate 2 cooldown 5 
----------------------Step31----------------------
Bulbasaur specialAttack / Snorlax normalAttack / 
	Bulbasaur HP 22 (22 - 0), abilitate 1 cooldown 3 
	Snorlax HP 1 (2 - 1), abilitate 1 cooldown 2 abilitate 2 cooldown 4 
----------------------Step32----------------------
Bulbasaur ability2 / Snorlax normalAttack / 
	Bulbasaur HP 22 (22 - 0), abilitate 1 cooldown 2 abilitate 2 cooldown 3 
	Snorlax HP -4 (1 - 5), abilitate 1 cooldown 1 abilitate 2 cooldown 3 
Gamer Wins
[][][][][][][][][][][][][] ROUND3 [][][][][][][][][][][][][]
Charmander has these items[(Sabiuta),(Vitamine),(Pelerina)]
+2 hp; +5 normalAttack; +0 defense; +3 specialDefense
Vulpix has these items[(Vesta)]
+10 hp; +0 normalAttack; +0 defense; +0 specialDefense
----------------------Step1----------------------
Charmander normalAttack / Vulpix normalAttack / 
	Charmander HP 50 (52 - 2), 
	Vulpix HP 39 (46 - 7), 
----------------------Step2----------------------
Charmander ability2 / Vulpix ability1 / 
	Charmander HP 42 (50 - 8), abilitate 2 cooldown 6 
	Vulpix HP 32 (39 - 7), abilitate 1 cooldown 6 
----------------------Step3----------------------
Charmander normalAttack / Vulpix ability2 / 
Charmander is stunned this round
	Charmander HP 40 (42 - 2), abilitate 2 cooldown 5 
	Vulpix HP 32 (32 - 0), abilitate 1 cooldown 5 
----------------------Step4----------------------
Charmander ability1 / Vulpix ability2 / 
Vulpix dodge is active this round
	Charmander HP 38 (40 - 2), abilitate 1 cooldown 4 abilitate 2 cooldown 4 
	Vulpix HP 32 (32 - 0), abilitate 1 cooldown 4 abilitate 2 cooldown 7 
----------------------Step5----------------------
Charmander normalAttack / Vulpix normalAttack / 
	Charmander HP 36 (38 - 2), abilitate 1 cooldown 3 abilitate 2 cooldown 3 
	Vulpix HP 25 (32 - 7), abilitate 1 cooldown 3 abilitate 2 cooldown 6 
----------------------Step6----------------------
Charmander normalAttack / Vulpix normalAttack / 
	Charmander HP 34 (36 - 2), abilitate 1 cooldown 2 abilitate 2 cooldown 2 
	Vulpix HP 18 (25 - 7), abilitate 1 cooldown 2 abilitate 2 cooldown 5 
----------------------Step7----------------------
Charmander normalAttack / Vulpix normalAttack / 
	Charmander HP 32 (34 - 2), abilitate 1 cooldown 1 abilitate 2 cooldown 1 
	Vulpix HP 11 (18 - 7), abilitate 1 cooldown 1 abilitate 2 cooldown 4 
----------------------Step8----------------------
Charmander normalAttack / Vulpix normalAttack / 
	Charmander HP 30 (32 - 2), 
	Vulpix HP 4 (11 - 7), abilitate 2 cooldown 3 
----------------------Step9----------------------
Charmander normalAttack / Vulpix normalAttack / 
	Charmander HP 28 (30 - 2), 
	Vulpix HP -3 (4 - 7), abilitate 2 cooldown 2 
Gamer Wins
[][][][][][][][][][][][][] FINAL ROUND [][][][][][][][][][][][][]
Charmander has these items[(Scut),(Brad_De_Craciun),(Vesta)]
+10 hp; +3 normalAttack; +3 defense; +2 specialDefense
Squirtle has these items[(Sabiuta)]
+0 hp; +0 specialAttack; +0 defense; +0 specialDefense
----------------------Step1----------------------
Charmander ability1 / Squirtle ability2 / 
	Charmander HP 58 (60 - 2), abilitate 1 cooldown 4 
	Squirtle HP 56 (60 - 4), abilitate 2 cooldown 2 
----------------------Step2----------------------
Charmander normalAttack / Squirtle specialAttack / 
Squirtle is stunned this round
Charmander is stunned this round
	Charmander HP 58 (58 - 0), abilitate 1 cooldown 3 
	Squirtle HP 56 (56 - 0), abilitate 2 cooldown 1 
----------------------Step3----------------------
Charmander normalAttack / Squirtle specialAttack / 
	Charmander HP 58 (58 - 0), abilitate 1 cooldown 2 
	Squirtle HP 54 (56 - 2), 
----------------------Step4----------------------
Charmander normalAttack / Squirtle specialAttack / 
	Charmander HP 58 (58 - 0), abilitate 1 cooldown 1 
	Squirtle HP 52 (54 - 2), 
----------------------Step5----------------------
Charmander normalAttack / Squirtle specialAttack / 
	Charmander HP 58 (58 - 0), 
	Squirtle HP 50 (52 - 2), 
----------------------Step6----------------------
Charmander normalAttack / Squirtle ability1 / 
	Charmander HP 54 (58 - 4), 
	Squirtle HP 48 (50 - 2), abilitate 1 cooldown 3 
----------------------Step7----------------------
Charmander ability2 / Squirtle specialAttack / 
	Charmander HP 54 (54 - 0), abilitate 2 cooldown 6 
	Squirtle HP 41 (48 - 7), abilitate 1 cooldown 2 
----------------------Step8----------------------
Charmander normalAttack / Squirtle ability2 / 
	Charmander HP 52 (54 - 2), abilitate 2 cooldown 5 
	Squirtle HP 39 (41 - 2), abilitate 1 cooldown 1 abilitate 2 cooldown 2 
----------------------Step9----------------------
Charmander normalAttack / Squirtle specialAttack / 
Charmander is stunned this round
	Charmander HP 52 (52 - 0), abilitate 2 cooldown 4 
	Squirtle HP 39 (39 - 0), abilitate 2 cooldown 1 
----------------------Step10----------------------
Charmander ability1 / Squirtle specialAttack / 
	Charmander HP 52 (52 - 0), abilitate 1 cooldown 4 abilitate 2 cooldown 3 
	Squirtle HP 35 (39 - 4), 
----------------------Step11----------------------
Charmander normalAttack / Squirtle specialAttack / 
Squirtle is stunned this round
	Charmander HP 52 (52 - 0), abilitate 1 cooldown 3 abilitate 2 cooldown 2 
	Squirtle HP 33 (35 - 2), 
----------------------Step12----------------------
Charmander normalAttack / Squirtle specialAttack / 
	Charmander HP 52 (52 - 0), abilitate 1 cooldown 2 abilitate 2 cooldown 1 
	Squirtle HP 31 (33 - 2), 
----------------------Step13----------------------
Charmander normalAttack / Squirtle specialAttack / 
	Charmander HP 52 (52 - 0), abilitate 1 cooldown 1 
	Squirtle HP 29 (31 - 2), 
----------------------Step14----------------------
Charmander normalAttack / Squirtle specialAttack / 
	Charmander HP 52 (52 - 0), 
	Squirtle HP 27 (29 - 2), 
----------------------Step15----------------------
Charmander ability2 / Squirtle specialAttack / 
	Charmander HP 52 (52 - 0), abilitate 2 cooldown 6 
	Squirtle HP 20 (27 - 7), 
----------------------Step16----------------------
Charmander ability1 / Squirtle ability1 / 
	Charmander HP 48 (52 - 4), abilitate 1 cooldown 4 abilitate 2 cooldown 5 
	Squirtle HP 16 (20 - 4), abilitate 1 cooldown 3 
----------------------Step17----------------------
Charmander normalAttack / Squirtle specialAttack / 
Squirtle is stunned this round
	Charmander HP 48 (48 - 0), abilitate 1 cooldown 3 abilitate 2 cooldown 4 
	Squirtle HP 14 (16 - 2), abilitate 1 cooldown 2 
----------------------Step18----------------------
Charmander normalAttack / Squirtle ability2 / 
	Charmander HP 46 (48 - 2), abilitate 1 cooldown 2 abilitate 2 cooldown 3 
	Squirtle HP 12 (14 - 2), abilitate 1 cooldown 1 abilitate 2 cooldown 2 
----------------------Step19----------------------
Charmander normalAttack / Squirtle specialAttack / 
Charmander is stunned this round
	Charmander HP 46 (46 - 0), abilitate 1 cooldown 1 abilitate 2 cooldown 2 
	Squirtle HP 12 (12 - 0), abilitate 2 cooldown 1 
----------------------Step20----------------------
Charmander normalAttack / Squirtle specialAttack / 
	Charmander HP 46 (46 - 0), abilitate 2 cooldown 1 
	Squirtle HP 10 (12 - 2), 
----------------------Step21----------------------
Charmander ability1 / Squirtle ability2 / 
	Charmander HP 44 (46 - 2), abilitate 1 cooldown 4 
	Squirtle HP 6 (10 - 4), abilitate 2 cooldown 2 
----------------------Step22----------------------
Charmander normalAttack / Squirtle specialAttack / 
Squirtle is stunned this round
Charmander is stunned this round
	Charmander HP 44 (44 - 0), abilitate 1 cooldown 3 
	Squirtle HP 6 (6 - 0), abilitate 2 cooldown 1 
----------------------Step23----------------------
Charmander normalAttack / Squirtle specialAttack / 
	Charmander HP 44 (44 - 0), abilitate 1 cooldown 2 
	Squirtle HP 4 (6 - 2), 
----------------------Step24----------------------
Charmander normalAttack / Squirtle ability1 / 
	Charmander HP 40 (44 - 4), abilitate 1 cooldown 1 
	Squirtle HP 2 (4 - 2), abilitate 1 cooldown 3 
----------------------Step25----------------------
Charmander ability2 / Squirtle specialAttack / 
	Charmander HP 40 (40 - 0), abilitate 2 cooldown 6 
	Squirtle HP -5 (2 - 7), abilitate 1 cooldown 2 
Gamer Wins
The battle was won by Gamer

